Archive member included because of file (symbol)

e:/lang/winavr/bin/../lib/gcc/avr/4.3.3/../../../../avr/lib/avr5\libm.a(ceil.o)
                              obj/te.o (ceil)
e:/lang/winavr/bin/../lib/gcc/avr/4.3.3/../../../../avr/lib/avr5\libm.a(fixunssfsi.o)
                              obj/te.o (__fixunssfsi)
e:/lang/winavr/bin/../lib/gcc/avr/4.3.3/../../../../avr/lib/avr5\libm.a(floatsisf.o)
                              obj/te.o (__floatunsisf)
e:/lang/winavr/bin/../lib/gcc/avr/4.3.3/../../../../avr/lib/avr5\libm.a(floor.o)
                              obj/te.o (floor)
e:/lang/winavr/bin/../lib/gcc/avr/4.3.3/../../../../avr/lib/avr5\libm.a(fp_mintl.o)
                              e:/lang/winavr/bin/../lib/gcc/avr/4.3.3/../../../../avr/lib/avr5\libm.a(ceil.o) (__fp_mintl)
e:/lang/winavr/bin/../lib/gcc/avr/4.3.3/../../../../avr/lib/avr5\libm.a(fp_mpack.o)
                              e:/lang/winavr/bin/../lib/gcc/avr/4.3.3/../../../../avr/lib/avr5\libm.a(ceil.o) (__fp_mpack)
e:/lang/winavr/bin/../lib/gcc/avr/4.3.3/../../../../avr/lib/avr5\libm.a(fp_split3.o)
                              e:/lang/winavr/bin/../lib/gcc/avr/4.3.3/../../../../avr/lib/avr5\libm.a(fixunssfsi.o) (__fp_splitA)
e:/lang/winavr/bin/../lib/gcc/avr/4.3.3/../../../../avr/lib/avr5\libm.a(fp_trunc.o)
                              e:/lang/winavr/bin/../lib/gcc/avr/4.3.3/../../../../avr/lib/avr5\libm.a(ceil.o) (__fp_trunc)
e:/lang/winavr/bin/../lib/gcc/avr/4.3.3/../../../../avr/lib/avr5\libm.a(fp_zero.o)
                              e:/lang/winavr/bin/../lib/gcc/avr/4.3.3/../../../../avr/lib/avr5\libm.a(fixunssfsi.o) (__fp_zero)
e:/lang/winavr/bin/../lib/gcc/avr/4.3.3/avr5\libgcc.a(_mulsi3.o)
                              obj/te.o (__mulsi3)
e:/lang/winavr/bin/../lib/gcc/avr/4.3.3/avr5\libgcc.a(_udivmodsi4.o)
                              obj/te.o (__udivmodsi4)
e:/lang/winavr/bin/../lib/gcc/avr/4.3.3/avr5\libgcc.a(_exit.o)
                              e:/lang/winavr/bin/../lib/gcc/avr/4.3.3/../../../../avr/lib/avr5/crtm16.o (exit)
e:/lang/winavr/bin/../lib/gcc/avr/4.3.3/avr5\libgcc.a(_copy_data.o)
                              obj/te.o (__do_copy_data)
e:/lang/winavr/bin/../lib/gcc/avr/4.3.3/avr5\libgcc.a(_clear_bss.o)
                              obj/te.o (__do_clear_bss)
e:/lang/winavr/bin/../lib/gcc/avr/4.3.3/../../../../avr/lib/avr5\libc.a(strcpy.o)
                              obj/te.o (strcpy)
e:/lang/winavr/bin/../lib/gcc/avr/4.3.3/../../../../avr/lib/avr5\libc.a(sprintf.o)
                              obj/te.o (sprintf)
e:/lang/winavr/bin/../lib/gcc/avr/4.3.3/../../../../avr/lib/avr5\libc.a(vfprintf_std.o)
                              e:/lang/winavr/bin/../lib/gcc/avr/4.3.3/../../../../avr/lib/avr5\libc.a(sprintf.o) (vfprintf)
e:/lang/winavr/bin/../lib/gcc/avr/4.3.3/../../../../avr/lib/avr5\libc.a(strnlen_P.o)
                              e:/lang/winavr/bin/../lib/gcc/avr/4.3.3/../../../../avr/lib/avr5\libc.a(vfprintf_std.o) (strnlen_P)
e:/lang/winavr/bin/../lib/gcc/avr/4.3.3/../../../../avr/lib/avr5\libc.a(strnlen.o)
                              e:/lang/winavr/bin/../lib/gcc/avr/4.3.3/../../../../avr/lib/avr5\libc.a(vfprintf_std.o) (strnlen)
e:/lang/winavr/bin/../lib/gcc/avr/4.3.3/../../../../avr/lib/avr5\libc.a(fputc.o)
                              e:/lang/winavr/bin/../lib/gcc/avr/4.3.3/../../../../avr/lib/avr5\libc.a(vfprintf_std.o) (fputc)
e:/lang/winavr/bin/../lib/gcc/avr/4.3.3/../../../../avr/lib/avr5\libc.a(ultoa_invert.o)
                              e:/lang/winavr/bin/../lib/gcc/avr/4.3.3/../../../../avr/lib/avr5\libc.a(vfprintf_std.o) (__ultoa_invert)
e:/lang/winavr/bin/../lib/gcc/avr/4.3.3/avr5\libgcc.a(_prologue.o)
                              e:/lang/winavr/bin/../lib/gcc/avr/4.3.3/../../../../avr/lib/avr5\libc.a(sprintf.o) (__prologue_saves__)
e:/lang/winavr/bin/../lib/gcc/avr/4.3.3/avr5\libgcc.a(_epilogue.o)
                              e:/lang/winavr/bin/../lib/gcc/avr/4.3.3/../../../../avr/lib/avr5\libc.a(sprintf.o) (__epilogue_restores__)

Allocating common symbols
Common symbol       size              file

Speed               0x1               obj/te.o
Sector              0x200             obj/te.o
string              0x19              obj/te.o
FirstDataSector     0x4               obj/te.o
SecPerClus          0x4               obj/te.o
FirstRootFolderSecNum
                    0x4               obj/te.o
ResvdSecCnt         0x4               obj/te.o
FATSz               0x4               obj/te.o
sFATRecordPointer   0x18              obj/te.o
BytsPerSec          0x4               obj/te.o
DataSec             0x4               obj/te.o
CountofClusters     0x4               obj/te.o
RootDirSectors      0x4               obj/te.o
ClusterSize         0x4               obj/te.o
FirstRootFolderAddr
                    0x4               obj/te.o

Memory Configuration

Name             Origin             Length             Attributes
text             0x00000000         0x00020000         xr
data             0x00800060         0x0000ffa0         rw !x
eeprom           0x00810000         0x00010000         rw !x
fuse             0x00820000         0x00000400         rw !x
lock             0x00830000         0x00000400         rw !x
signature        0x00840000         0x00000400         rw !x
*default*        0x00000000         0xffffffff

Linker script and memory map

LOAD e:/lang/winavr/bin/../lib/gcc/avr/4.3.3/../../../../avr/lib/avr5/crtm16.o
LOAD obj/te.o
LOAD e:/lang/winavr/bin/../lib/gcc/avr/4.3.3/../../../../avr/lib/avr5\libm.a
LOAD e:/lang/winavr/bin/../lib/gcc/avr/4.3.3/avr5\libgcc.a
LOAD e:/lang/winavr/bin/../lib/gcc/avr/4.3.3/../../../../avr/lib/avr5\libc.a
LOAD e:/lang/winavr/bin/../lib/gcc/avr/4.3.3/avr5\libgcc.a

.hash
 *(.hash)

.dynsym
 *(.dynsym)

.dynstr
 *(.dynstr)

.gnu.version
 *(.gnu.version)

.gnu.version_d
 *(.gnu.version_d)

.gnu.version_r
 *(.gnu.version_r)

.rel.init
 *(.rel.init)

.rela.init
 *(.rela.init)

.rel.text
 *(.rel.text)
 *(.rel.text.*)
 *(.rel.gnu.linkonce.t*)

.rela.text
 *(.rela.text)
 *(.rela.text.*)
 *(.rela.gnu.linkonce.t*)

.rel.fini
 *(.rel.fini)

.rela.fini
 *(.rela.fini)

.rel.rodata
 *(.rel.rodata)
 *(.rel.rodata.*)
 *(.rel.gnu.linkonce.r*)

.rela.rodata
 *(.rela.rodata)
 *(.rela.rodata.*)
 *(.rela.gnu.linkonce.r*)

.rel.data
 *(.rel.data)
 *(.rel.data.*)
 *(.rel.gnu.linkonce.d*)

.rela.data
 *(.rela.data)
 *(.rela.data.*)
 *(.rela.gnu.linkonce.d*)

.rel.ctors
 *(.rel.ctors)

.rela.ctors
 *(.rela.ctors)

.rel.dtors
 *(.rel.dtors)

.rela.dtors
 *(.rela.dtors)

.rel.got
 *(.rel.got)

.rela.got
 *(.rela.got)

.rel.bss
 *(.rel.bss)

.rela.bss
 *(.rela.bss)

.rel.plt
 *(.rel.plt)

.rela.plt
 *(.rela.plt)

.text           0x00000000     0x3618
 *(.vectors)
 .vectors       0x00000000       0x54 e:/lang/winavr/bin/../lib/gcc/avr/4.3.3/../../../../avr/lib/avr5/crtm16.o
                0x00000000                __vectors
                0x00000000                __vector_default
 *(.vectors)
 *(.progmem.gcc*)
 *(.progmem*)
 .progmem.data  0x00000054      0x192 obj/te.o
                0x0000009c                Text_Tape_Menu_No_Image
                0x00000066                Text_Main_Memory_Test
                0x0000008a                Text_Main_Memory_Test_OK
                0x00000054                Text_Main_Menu_Select
                0x00000156                Text_SD_No_Response
                0x0000019e                Text_FAT_Type
                0x00000078                Text_Main_Memory_Test_Error
                0x0000018c                Text_SD_Size
                0x00000168                Text_SD_Size_Error_Up
                0x00000132                Text_SD_No_SPI_Up
                0x0000017a                Text_SD_Size_Error_Down
                0x000000ae                RusCodeTable
                0x000001d4                Text_FAT12
                0x000001b0                Text_FAT32
                0x000001c2                Text_FAT16
                0x00000144                Text_SD_No_SPI_Down
                0x000001e6                . = ALIGN (0x2)
                0x000001e6                __trampolines_start = .
 *(.trampolines)
 .trampolines   0x000001e6        0x0 linker stubs
 *(.trampolines*)
                0x000001e6                __trampolines_end = .
 *(.jumptables)
 *(.jumptables*)
 *(.lowtext)
 *(.lowtext*)
                0x000001e6                __ctors_start = .
 *(.ctors)
                0x000001e6                __ctors_end = .
                0x000001e6                __dtors_start = .
 *(.dtors)
                0x000001e6                __dtors_end = .
 SORT(*)(.ctors)
 SORT(*)(.dtors)
 *(.init0)
 .init0         0x000001e6        0x0 e:/lang/winavr/bin/../lib/gcc/avr/4.3.3/../../../../avr/lib/avr5/crtm16.o
                0x000001e6                __init
 *(.init0)
 *(.init1)
 *(.init1)
 *(.init2)
 .init2         0x000001e6        0xc e:/lang/winavr/bin/../lib/gcc/avr/4.3.3/../../../../avr/lib/avr5/crtm16.o
 *(.init2)
 *(.init3)
 *(.init3)
 *(.init4)
 .init4         0x000001f2       0x16 e:/lang/winavr/bin/../lib/gcc/avr/4.3.3/avr5\libgcc.a(_copy_data.o)
                0x000001f2                __do_copy_data
 .init4         0x00000208       0x10 e:/lang/winavr/bin/../lib/gcc/avr/4.3.3/avr5\libgcc.a(_clear_bss.o)
                0x00000208                __do_clear_bss
 *(.init4)
 *(.init5)
 *(.init5)
 *(.init6)
 *(.init6)
 *(.init7)
 *(.init7)
 *(.init8)
 *(.init8)
 *(.init9)
 .init9         0x00000218        0x8 e:/lang/winavr/bin/../lib/gcc/avr/4.3.3/../../../../avr/lib/avr5/crtm16.o
 *(.init9)
 *(.text)
 .text          0x00000220        0x4 e:/lang/winavr/bin/../lib/gcc/avr/4.3.3/../../../../avr/lib/avr5/crtm16.o
                0x00000220                __vector_1
                0x00000220                __vector_12
                0x00000220                __bad_interrupt
                0x00000220                __vector_6
                0x00000220                __vector_3
                0x00000220                __vector_11
                0x00000220                __vector_13
                0x00000220                __vector_17
                0x00000220                __vector_19
                0x00000220                __vector_7
                0x00000220                __vector_5
                0x00000220                __vector_4
                0x00000220                __vector_2
                0x00000220                __vector_15
                0x00000220                __vector_8
                0x00000220                __vector_14
                0x00000220                __vector_10
                0x00000220                __vector_16
                0x00000220                __vector_18
                0x00000220                __vector_20
 .text          0x00000224     0x2bc0 obj/te.o
                0x000011de                FAT_NextFileSearch
                0x0000083a                SD_SendCommandR1
                0x00000ac8                SD_ReadBlockByte
                0x000017f6                FAT_WriteBlock
                0x0000037c                WH1602_SendNibble
                0x00001340                GetLong
                0x000023fe                TapeMenu
                0x00000bf0                GetByte
                0x000013d2                FAT_GetFileSearch
                0x00001d42                WaitAnyKey
                0x00000242                DRAM_Refresh
                0x00000312                DRAM_ReadByte
                0x00000346                DRAM_WriteByte
                0x00000c84                GetShort
                0x00000a2a                SD_BeginReadBlock
                0x00001bdc                FAT_EnterDirectory
                0x000008b4                GetBits
                0x000002ae                DRAM_WriteNibble
                0x00000cda                FAT_RecordPointerStepReverse
                0x000004c0                WH1602_SetTextUpLine
                0x00002224                MemoryTest
                0x00000ebe                FAT_PrevFileSearch
                0x00001aa2                FAT_BeginFileSearch
                0x00000684                WH1602_SetTextProgmemUpLine
                0x0000025c                DRAM_ReadNibble
                0x00000224                DRAM_Init
                0x0000267a                SD_Init
                0x0000075a                WH1602_SetTextProgmemDownLine
                0x000005a2                WH1602_SetTextDownLine
                0x00002d20                main
                0x00001d92                __vector_9
                0x0000091a                SD_GetSize
                0x00000830                SD_TransmitData
                0x00000b1c                SD_ReadBlock
                0x00001d66                InitAVR
                0x00001f40                OutputImage
                0x00000400                WH1602_SendData
                0x0000283c                FAT_Init
                0x00000434                WH1602_Init
                0x00001020                FAT_RecordPointerStepForward
                0x0000041a                WH1602_SendCommand
 .text          0x00002de4        0x0 e:/lang/winavr/bin/../lib/gcc/avr/4.3.3/../../../../avr/lib/avr5\libm.a(ceil.o)
 .text          0x00002de4        0x0 e:/lang/winavr/bin/../lib/gcc/avr/4.3.3/../../../../avr/lib/avr5\libm.a(fixunssfsi.o)
 .text          0x00002de4        0x0 e:/lang/winavr/bin/../lib/gcc/avr/4.3.3/../../../../avr/lib/avr5\libm.a(floatsisf.o)
 .text          0x00002de4        0x0 e:/lang/winavr/bin/../lib/gcc/avr/4.3.3/../../../../avr/lib/avr5\libm.a(floor.o)
 .text          0x00002de4        0x0 e:/lang/winavr/bin/../lib/gcc/avr/4.3.3/../../../../avr/lib/avr5\libm.a(fp_mintl.o)
 .text          0x00002de4        0x0 e:/lang/winavr/bin/../lib/gcc/avr/4.3.3/../../../../avr/lib/avr5\libm.a(fp_mpack.o)
 .text          0x00002de4        0x0 e:/lang/winavr/bin/../lib/gcc/avr/4.3.3/../../../../avr/lib/avr5\libm.a(fp_split3.o)
 .text          0x00002de4        0x0 e:/lang/winavr/bin/../lib/gcc/avr/4.3.3/../../../../avr/lib/avr5\libm.a(fp_trunc.o)
 .text          0x00002de4        0x0 e:/lang/winavr/bin/../lib/gcc/avr/4.3.3/../../../../avr/lib/avr5\libm.a(fp_zero.o)
 .text          0x00002de4        0x0 e:/lang/winavr/bin/../lib/gcc/avr/4.3.3/avr5\libgcc.a(_mulsi3.o)
 .text          0x00002de4        0x0 e:/lang/winavr/bin/../lib/gcc/avr/4.3.3/avr5\libgcc.a(_udivmodsi4.o)
 .text          0x00002de4        0x0 e:/lang/winavr/bin/../lib/gcc/avr/4.3.3/avr5\libgcc.a(_exit.o)
 .text          0x00002de4        0x0 e:/lang/winavr/bin/../lib/gcc/avr/4.3.3/avr5\libgcc.a(_copy_data.o)
 .text          0x00002de4        0x0 e:/lang/winavr/bin/../lib/gcc/avr/4.3.3/avr5\libgcc.a(_clear_bss.o)
 .text          0x00002de4        0x0 e:/lang/winavr/bin/../lib/gcc/avr/4.3.3/../../../../avr/lib/avr5\libc.a(strcpy.o)
 .text          0x00002de4        0x0 e:/lang/winavr/bin/../lib/gcc/avr/4.3.3/../../../../avr/lib/avr5\libc.a(sprintf.o)
 .text          0x00002de4        0x0 e:/lang/winavr/bin/../lib/gcc/avr/4.3.3/../../../../avr/lib/avr5\libc.a(vfprintf_std.o)
 .text          0x00002de4        0x0 e:/lang/winavr/bin/../lib/gcc/avr/4.3.3/../../../../avr/lib/avr5\libc.a(strnlen_P.o)
 .text          0x00002de4        0x0 e:/lang/winavr/bin/../lib/gcc/avr/4.3.3/../../../../avr/lib/avr5\libc.a(strnlen.o)
 .text          0x00002de4        0x0 e:/lang/winavr/bin/../lib/gcc/avr/4.3.3/../../../../avr/lib/avr5\libc.a(fputc.o)
 .text          0x00002de4        0x0 e:/lang/winavr/bin/../lib/gcc/avr/4.3.3/../../../../avr/lib/avr5\libc.a(ultoa_invert.o)
 .text          0x00002de4        0x0 e:/lang/winavr/bin/../lib/gcc/avr/4.3.3/avr5\libgcc.a(_prologue.o)
 .text          0x00002de4        0x0 e:/lang/winavr/bin/../lib/gcc/avr/4.3.3/avr5\libgcc.a(_epilogue.o)
                0x00002de4                . = ALIGN (0x2)
 *(.text.*)
 .text.avr-libc.fplib
                0x00002de4       0x26 e:/lang/winavr/bin/../lib/gcc/avr/4.3.3/../../../../avr/lib/avr5\libm.a(ceil.o)
                0x00002de4                ceil
 .text.avr-libc.fplib
                0x00002e0a       0x58 e:/lang/winavr/bin/../lib/gcc/avr/4.3.3/../../../../avr/lib/avr5\libm.a(fixunssfsi.o)
                0x00002e0a                __fixunssfsi
 .text.avr-libc.fplib
                0x00002e62       0x7a e:/lang/winavr/bin/../lib/gcc/avr/4.3.3/../../../../avr/lib/avr5\libm.a(floatsisf.o)
                0x00002e66                __floatsisf
                0x00002e62                __floatunsisf
 .text.avr-libc.fplib
                0x00002edc       0x26 e:/lang/winavr/bin/../lib/gcc/avr/4.3.3/../../../../avr/lib/avr5\libm.a(floor.o)
                0x00002edc                floor
 .text.avr-libc.fplib
                0x00002f02       0x36 e:/lang/winavr/bin/../lib/gcc/avr/4.3.3/../../../../avr/lib/avr5\libm.a(fp_mintl.o)
                0x00002f02                __fp_mintl
 .text.avr-libc.fplib
                0x00002f38       0x1c e:/lang/winavr/bin/../lib/gcc/avr/4.3.3/../../../../avr/lib/avr5\libm.a(fp_mpack.o)
                0x00002f3c                __fp_mpack_finite
                0x00002f38                __fp_mpack
 .text.avr-libc.fplib
                0x00002f54       0x44 e:/lang/winavr/bin/../lib/gcc/avr/4.3.3/../../../../avr/lib/avr5\libm.a(fp_split3.o)
                0x00002f54                __fp_split3
                0x00002f64                __fp_splitA
 .text.avr-libc.fplib
                0x00002f98       0x2e e:/lang/winavr/bin/../lib/gcc/avr/4.3.3/../../../../avr/lib/avr5\libm.a(fp_trunc.o)
                0x00002f98                __fp_trunc
 .text.avr-libc.fplib
                0x00002fc6        0xe e:/lang/winavr/bin/../lib/gcc/avr/4.3.3/../../../../avr/lib/avr5\libm.a(fp_zero.o)
                0x00002fc6                __fp_zero
                0x00002fc8                __fp_szero
 .text.libgcc   0x00002fd4       0x3e e:/lang/winavr/bin/../lib/gcc/avr/4.3.3/avr5\libgcc.a(_mulsi3.o)
                0x00002fd4                __mulsi3
 .text.libgcc   0x00003012       0x44 e:/lang/winavr/bin/../lib/gcc/avr/4.3.3/avr5\libgcc.a(_udivmodsi4.o)
                0x00003012                __udivmodsi4
 .text.libgcc   0x00003056        0x0 e:/lang/winavr/bin/../lib/gcc/avr/4.3.3/avr5\libgcc.a(_exit.o)
 .text.libgcc   0x00003056        0x0 e:/lang/winavr/bin/../lib/gcc/avr/4.3.3/avr5\libgcc.a(_copy_data.o)
 .text.libgcc   0x00003056        0x0 e:/lang/winavr/bin/../lib/gcc/avr/4.3.3/avr5\libgcc.a(_clear_bss.o)
 .text.avr-libc
                0x00003056        0xe e:/lang/winavr/bin/../lib/gcc/avr/4.3.3/../../../../avr/lib/avr5\libc.a(strcpy.o)
                0x00003056                strcpy
 .text.avr-libc
                0x00003064       0x48 e:/lang/winavr/bin/../lib/gcc/avr/4.3.3/../../../../avr/lib/avr5\libc.a(sprintf.o)
                0x00003064                sprintf
 .text.avr-libc
                0x000030ac      0x3ba e:/lang/winavr/bin/../lib/gcc/avr/4.3.3/../../../../avr/lib/avr5\libc.a(vfprintf_std.o)
                0x000030ac                vfprintf
 .text.avr-libc
                0x00003466       0x16 e:/lang/winavr/bin/../lib/gcc/avr/4.3.3/../../../../avr/lib/avr5\libc.a(strnlen_P.o)
                0x00003466                strnlen_P
 .text.avr-libc
                0x0000347c       0x16 e:/lang/winavr/bin/../lib/gcc/avr/4.3.3/../../../../avr/lib/avr5\libc.a(strnlen.o)
                0x0000347c                strnlen
 .text.avr-libc
                0x00003492       0x58 e:/lang/winavr/bin/../lib/gcc/avr/4.3.3/../../../../avr/lib/avr5\libc.a(fputc.o)
                0x00003492                fputc
 .text.avr-libc
                0x000034ea       0xbc e:/lang/winavr/bin/../lib/gcc/avr/4.3.3/../../../../avr/lib/avr5\libc.a(ultoa_invert.o)
                0x000034ea                __ultoa_invert
 .text.libgcc   0x000035a6       0x38 e:/lang/winavr/bin/../lib/gcc/avr/4.3.3/avr5\libgcc.a(_prologue.o)
                0x000035a6                __prologue_saves__
 .text.libgcc   0x000035de       0x36 e:/lang/winavr/bin/../lib/gcc/avr/4.3.3/avr5\libgcc.a(_epilogue.o)
                0x000035de                __epilogue_restores__
                0x00003614                . = ALIGN (0x2)
 *(.fini9)
 .fini9         0x00003614        0x0 e:/lang/winavr/bin/../lib/gcc/avr/4.3.3/avr5\libgcc.a(_exit.o)
                0x00003614                exit
                0x00003614                _exit
 *(.fini9)
 *(.fini8)
 *(.fini8)
 *(.fini7)
 *(.fini7)
 *(.fini6)
 *(.fini6)
 *(.fini5)
 *(.fini5)
 *(.fini4)
 *(.fini4)
 *(.fini3)
 *(.fini3)
 *(.fini2)
 *(.fini2)
 *(.fini1)
 *(.fini1)
 *(.fini0)
 .fini0         0x00003614        0x4 e:/lang/winavr/bin/../lib/gcc/avr/4.3.3/avr5\libgcc.a(_exit.o)
 *(.fini0)
                0x00003618                _etext = .

.data           0x00800060       0xb6 load address 0x00003618
                0x00800060                PROVIDE (__data_start, .)
 *(.data)
 .data          0x00800060        0x0 e:/lang/winavr/bin/../lib/gcc/avr/4.3.3/../../../../avr/lib/avr5/crtm16.o
 .data          0x00800060       0xb6 obj/te.o
                0x00800110                BlockByteCounter
                0x00800112                LastReadSector
 .data          0x00800116        0x0 e:/lang/winavr/bin/../lib/gcc/avr/4.3.3/../../../../avr/lib/avr5\libm.a(ceil.o)
 .data          0x00800116        0x0 e:/lang/winavr/bin/../lib/gcc/avr/4.3.3/../../../../avr/lib/avr5\libm.a(fixunssfsi.o)
 .data          0x00800116        0x0 e:/lang/winavr/bin/../lib/gcc/avr/4.3.3/../../../../avr/lib/avr5\libm.a(floatsisf.o)
 .data          0x00800116        0x0 e:/lang/winavr/bin/../lib/gcc/avr/4.3.3/../../../../avr/lib/avr5\libm.a(floor.o)
 .data          0x00800116        0x0 e:/lang/winavr/bin/../lib/gcc/avr/4.3.3/../../../../avr/lib/avr5\libm.a(fp_mintl.o)
 .data          0x00800116        0x0 e:/lang/winavr/bin/../lib/gcc/avr/4.3.3/../../../../avr/lib/avr5\libm.a(fp_mpack.o)
 .data          0x00800116        0x0 e:/lang/winavr/bin/../lib/gcc/avr/4.3.3/../../../../avr/lib/avr5\libm.a(fp_split3.o)
 .data          0x00800116        0x0 e:/lang/winavr/bin/../lib/gcc/avr/4.3.3/../../../../avr/lib/avr5\libm.a(fp_trunc.o)
 .data          0x00800116        0x0 e:/lang/winavr/bin/../lib/gcc/avr/4.3.3/../../../../avr/lib/avr5\libm.a(fp_zero.o)
 .data          0x00800116        0x0 e:/lang/winavr/bin/../lib/gcc/avr/4.3.3/avr5\libgcc.a(_mulsi3.o)
 .data          0x00800116        0x0 e:/lang/winavr/bin/../lib/gcc/avr/4.3.3/avr5\libgcc.a(_udivmodsi4.o)
 .data          0x00800116        0x0 e:/lang/winavr/bin/../lib/gcc/avr/4.3.3/avr5\libgcc.a(_exit.o)
 .data          0x00800116        0x0 e:/lang/winavr/bin/../lib/gcc/avr/4.3.3/avr5\libgcc.a(_copy_data.o)
 .data          0x00800116        0x0 e:/lang/winavr/bin/../lib/gcc/avr/4.3.3/avr5\libgcc.a(_clear_bss.o)
 .data          0x00800116        0x0 e:/lang/winavr/bin/../lib/gcc/avr/4.3.3/../../../../avr/lib/avr5\libc.a(strcpy.o)
 .data          0x00800116        0x0 e:/lang/winavr/bin/../lib/gcc/avr/4.3.3/../../../../avr/lib/avr5\libc.a(sprintf.o)
 .data          0x00800116        0x0 e:/lang/winavr/bin/../lib/gcc/avr/4.3.3/../../../../avr/lib/avr5\libc.a(vfprintf_std.o)
 .data          0x00800116        0x0 e:/lang/winavr/bin/../lib/gcc/avr/4.3.3/../../../../avr/lib/avr5\libc.a(strnlen_P.o)
 .data          0x00800116        0x0 e:/lang/winavr/bin/../lib/gcc/avr/4.3.3/../../../../avr/lib/avr5\libc.a(strnlen.o)
 .data          0x00800116        0x0 e:/lang/winavr/bin/../lib/gcc/avr/4.3.3/../../../../avr/lib/avr5\libc.a(fputc.o)
 .data          0x00800116        0x0 e:/lang/winavr/bin/../lib/gcc/avr/4.3.3/../../../../avr/lib/avr5\libc.a(ultoa_invert.o)
 .data          0x00800116        0x0 e:/lang/winavr/bin/../lib/gcc/avr/4.3.3/avr5\libgcc.a(_prologue.o)
 .data          0x00800116        0x0 e:/lang/winavr/bin/../lib/gcc/avr/4.3.3/avr5\libgcc.a(_epilogue.o)
 *(.data*)
 *(.rodata)
 *(.rodata*)
 *(.gnu.linkonce.d*)
                0x00800116                . = ALIGN (0x2)
                0x00800116                _edata = .
                0x00800116                PROVIDE (__data_end, .)

.bss            0x00800116      0x26f
                0x00800116                PROVIDE (__bss_start, .)
 *(.bss)
 .bss           0x00800116        0x0 e:/lang/winavr/bin/../lib/gcc/avr/4.3.3/../../../../avr/lib/avr5/crtm16.o
 .bss           0x00800116       0x11 obj/te.o
                0x00800118                DataCounter
                0x0080011e                FATOffset
                0x0080011c                TapeOutMode
                0x00800122                FATType
                0x0080011a                LeadToneCounter
                0x0080011d                TapeOutVolume
                0x00800116                BlockSize
 .bss           0x00800127        0x0 e:/lang/winavr/bin/../lib/gcc/avr/4.3.3/../../../../avr/lib/avr5\libm.a(ceil.o)
 .bss           0x00800127        0x0 e:/lang/winavr/bin/../lib/gcc/avr/4.3.3/../../../../avr/lib/avr5\libm.a(fixunssfsi.o)
 .bss           0x00800127        0x0 e:/lang/winavr/bin/../lib/gcc/avr/4.3.3/../../../../avr/lib/avr5\libm.a(floatsisf.o)
 .bss           0x00800127        0x0 e:/lang/winavr/bin/../lib/gcc/avr/4.3.3/../../../../avr/lib/avr5\libm.a(floor.o)
 .bss           0x00800127        0x0 e:/lang/winavr/bin/../lib/gcc/avr/4.3.3/../../../../avr/lib/avr5\libm.a(fp_mintl.o)
 .bss           0x00800127        0x0 e:/lang/winavr/bin/../lib/gcc/avr/4.3.3/../../../../avr/lib/avr5\libm.a(fp_mpack.o)
 .bss           0x00800127        0x0 e:/lang/winavr/bin/../lib/gcc/avr/4.3.3/../../../../avr/lib/avr5\libm.a(fp_split3.o)
 .bss           0x00800127        0x0 e:/lang/winavr/bin/../lib/gcc/avr/4.3.3/../../../../avr/lib/avr5\libm.a(fp_trunc.o)
 .bss           0x00800127        0x0 e:/lang/winavr/bin/../lib/gcc/avr/4.3.3/../../../../avr/lib/avr5\libm.a(fp_zero.o)
 .bss           0x00800127        0x0 e:/lang/winavr/bin/../lib/gcc/avr/4.3.3/avr5\libgcc.a(_mulsi3.o)
 .bss           0x00800127        0x0 e:/lang/winavr/bin/../lib/gcc/avr/4.3.3/avr5\libgcc.a(_udivmodsi4.o)
 .bss           0x00800127        0x0 e:/lang/winavr/bin/../lib/gcc/avr/4.3.3/avr5\libgcc.a(_exit.o)
 .bss           0x00800127        0x0 e:/lang/winavr/bin/../lib/gcc/avr/4.3.3/avr5\libgcc.a(_copy_data.o)
 .bss           0x00800127        0x0 e:/lang/winavr/bin/../lib/gcc/avr/4.3.3/avr5\libgcc.a(_clear_bss.o)
 .bss           0x00800127        0x0 e:/lang/winavr/bin/../lib/gcc/avr/4.3.3/../../../../avr/lib/avr5\libc.a(strcpy.o)
 .bss           0x00800127        0x0 e:/lang/winavr/bin/../lib/gcc/avr/4.3.3/../../../../avr/lib/avr5\libc.a(sprintf.o)
 .bss           0x00800127        0x0 e:/lang/winavr/bin/../lib/gcc/avr/4.3.3/../../../../avr/lib/avr5\libc.a(vfprintf_std.o)
 .bss           0x00800127        0x0 e:/lang/winavr/bin/../lib/gcc/avr/4.3.3/../../../../avr/lib/avr5\libc.a(strnlen_P.o)
 .bss           0x00800127        0x0 e:/lang/winavr/bin/../lib/gcc/avr/4.3.3/../../../../avr/lib/avr5\libc.a(strnlen.o)
 .bss           0x00800127        0x0 e:/lang/winavr/bin/../lib/gcc/avr/4.3.3/../../../../avr/lib/avr5\libc.a(fputc.o)
 .bss           0x00800127        0x0 e:/lang/winavr/bin/../lib/gcc/avr/4.3.3/../../../../avr/lib/avr5\libc.a(ultoa_invert.o)
 .bss           0x00800127        0x0 e:/lang/winavr/bin/../lib/gcc/avr/4.3.3/avr5\libgcc.a(_prologue.o)
 .bss           0x00800127        0x0 e:/lang/winavr/bin/../lib/gcc/avr/4.3.3/avr5\libgcc.a(_epilogue.o)
 *(.bss*)
 *(COMMON)
 COMMON         0x00800127      0x25e obj/te.o
                0x00800127                Speed
                0x00800128                Sector
                0x00800328                string
                0x00800341                FirstDataSector
                0x00800345                SecPerClus
                0x00800349                FirstRootFolderSecNum
                0x0080034d                ResvdSecCnt
                0x00800351                FATSz
                0x00800355                sFATRecordPointer
                0x0080036d                BytsPerSec
                0x00800371                DataSec
                0x00800375                CountofClusters
                0x00800379                RootDirSectors
                0x0080037d                ClusterSize
                0x00800381                FirstRootFolderAddr
                0x00800385                PROVIDE (__bss_end, .)
                0x00003618                __data_load_start = LOADADDR (.data)
                0x000036ce                __data_load_end = (__data_load_start + SIZEOF (.data))

.noinit         0x00800385        0x0
                0x00800385                PROVIDE (__noinit_start, .)
 *(.noinit*)
                0x00800385                PROVIDE (__noinit_end, .)
                0x00800385                _end = .
                0x00800385                PROVIDE (__heap_start, .)

.eeprom         0x00810000        0x0
 *(.eeprom*)
                0x00810000                __eeprom_end = .

.fuse
 *(.fuse)
 *(.lfuse)
 *(.hfuse)
 *(.efuse)

.lock
 *(.lock*)

.signature
 *(.signature*)

.stab
 *(.stab)

.stabstr
 *(.stabstr)

.stab.excl
 *(.stab.excl)

.stab.exclstr
 *(.stab.exclstr)

.stab.index
 *(.stab.index)

.stab.indexstr
 *(.stab.indexstr)

.comment
 *(.comment)

.debug
 *(.debug)

.line
 *(.line)

.debug_srcinfo
 *(.debug_srcinfo)

.debug_sfnames
 *(.debug_sfnames)

.debug_aranges  0x00000000       0x20
 *(.debug_aranges)
 .debug_aranges
                0x00000000       0x20 obj/te.o

.debug_pubnames
                0x00000000      0x622
 *(.debug_pubnames)
 .debug_pubnames
                0x00000000      0x622 obj/te.o

.debug_info     0x00000000     0x27cc
 *(.debug_info)
 .debug_info    0x00000000     0x27cc obj/te.o
 *(.gnu.linkonce.wi.*)

.debug_abbrev   0x00000000      0x336
 *(.debug_abbrev)
 .debug_abbrev  0x00000000      0x336 obj/te.o

.debug_line     0x00000000     0x1eac
 *(.debug_line)
 .debug_line    0x00000000     0x1eac obj/te.o

.debug_frame    0x00000000      0x2a0
 *(.debug_frame)
 .debug_frame   0x00000000      0x2a0 obj/te.o

.debug_str      0x00000000      0x83b
 *(.debug_str)
 .debug_str     0x00000000      0x83b obj/te.o
                                0x8cb (size before relaxing)

.debug_loc      0x00000000     0x1693
 *(.debug_loc)
 .debug_loc     0x00000000     0x1693 obj/te.o

.debug_macinfo
 *(.debug_macinfo)
OUTPUT(te.elf elf32-avr)
LOAD linker stubs

.debug_ranges   0x00000000      0x4f8
 .debug_ranges  0x00000000      0x4f8 obj/te.o

Cross Reference Table

Symbol                                            File
BlockByteCounter                                  obj/te.o
BlockSize                                         obj/te.o
BytsPerSec                                        obj/te.o
ClusterSize                                       obj/te.o
CountofClusters                                   obj/te.o
DRAM_Init                                         obj/te.o
DRAM_ReadByte                                     obj/te.o
DRAM_ReadNibble                                   obj/te.o
DRAM_Refresh                                      obj/te.o
DRAM_WriteByte                                    obj/te.o
DRAM_WriteNibble                                  obj/te.o
DataCounter                                       obj/te.o
DataSec                                           obj/te.o
FATOffset                                         obj/te.o
FATSz                                             obj/te.o
FATType                                           obj/te.o
FAT_BeginFileSearch                               obj/te.o
FAT_EnterDirectory                                obj/te.o
FAT_GetFileSearch                                 obj/te.o
FAT_Init                                          obj/te.o
FAT_NextFileSearch                                obj/te.o
FAT_PrevFileSearch                                obj/te.o
FAT_RecordPointerStepForward                      obj/te.o
FAT_RecordPointerStepReverse                      obj/te.o
FAT_WriteBlock                                    obj/te.o
FirstDataSector                                   obj/te.o
FirstRootFolderAddr                               obj/te.o
FirstRootFolderSecNum                             obj/te.o
GetBits                                           obj/te.o
GetByte                                           obj/te.o
GetLong                                           obj/te.o
GetShort                                          obj/te.o
InitAVR                                           obj/te.o
LastReadSector                                    obj/te.o
LeadToneCounter                                   obj/te.o
MemoryTest                                        obj/te.o
OutputImage                                       obj/te.o
ResvdSecCnt                                       obj/te.o
RootDirSectors                                    obj/te.o
RusCodeTable                                      obj/te.o
SD_BeginReadBlock                                 obj/te.o
SD_GetSize                                        obj/te.o
SD_Init                                           obj/te.o
SD_ReadBlock                                      obj/te.o
SD_ReadBlockByte                                  obj/te.o
SD_SendCommandR1                                  obj/te.o
SD_TransmitData                                   obj/te.o
SecPerClus                                        obj/te.o
Sector                                            obj/te.o
Speed                                             obj/te.o
TapeMenu                                          obj/te.o
TapeOutMode                                       obj/te.o
TapeOutVolume                                     obj/te.o
Text_FAT12                                        obj/te.o
Text_FAT16                                        obj/te.o
Text_FAT32                                        obj/te.o
Text_FAT_Type                                     obj/te.o
Text_Main_Memory_Test                             obj/te.o
Text_Main_Memory_Test_Error                       obj/te.o
Text_Main_Memory_Test_OK                          obj/te.o
Text_Main_Menu_Select                             obj/te.o
Text_SD_No_Response                               obj/te.o
Text_SD_No_SPI_Down                               obj/te.o
Text_SD_No_SPI_Up                                 obj/te.o
Text_SD_Size                                      obj/te.o
Text_SD_Size_Error_Down                           obj/te.o
Text_SD_Size_Error_Up                             obj/te.o
Text_Tape_Menu_No_Image                           obj/te.o
WH1602_Init                                       obj/te.o
WH1602_SendCommand                                obj/te.o
WH1602_SendData                                   obj/te.o
WH1602_SendNibble                                 obj/te.o
WH1602_SetTextDownLine                            obj/te.o
WH1602_SetTextProgmemDownLine                     obj/te.o
WH1602_SetTextProgmemUpLine                       obj/te.o
WH1602_SetTextUpLine                              obj/te.o
WaitAnyKey                                        obj/te.o
__bad_interrupt                                   e:/lang/winavr/bin/../lib/gcc/avr/4.3.3/../../../../avr/lib/avr5/crtm16.o
__bss_end                                         e:/lang/winavr/bin/../lib/gcc/avr/4.3.3/avr5\libgcc.a(_clear_bss.o)
__bss_start                                       e:/lang/winavr/bin/../lib/gcc/avr/4.3.3/avr5\libgcc.a(_clear_bss.o)
__data_end                                        e:/lang/winavr/bin/../lib/gcc/avr/4.3.3/avr5\libgcc.a(_copy_data.o)
__data_load_start                                 e:/lang/winavr/bin/../lib/gcc/avr/4.3.3/avr5\libgcc.a(_copy_data.o)
__data_start                                      e:/lang/winavr/bin/../lib/gcc/avr/4.3.3/avr5\libgcc.a(_copy_data.o)
__do_clear_bss                                    e:/lang/winavr/bin/../lib/gcc/avr/4.3.3/avr5\libgcc.a(_clear_bss.o)
                                                  obj/te.o
__do_copy_data                                    e:/lang/winavr/bin/../lib/gcc/avr/4.3.3/avr5\libgcc.a(_copy_data.o)
                                                  obj/te.o
__epilogue_restores__                             e:/lang/winavr/bin/../lib/gcc/avr/4.3.3/avr5\libgcc.a(_epilogue.o)
                                                  e:/lang/winavr/bin/../lib/gcc/avr/4.3.3/../../../../avr/lib/avr5\libc.a(vfprintf_std.o)
                                                  e:/lang/winavr/bin/../lib/gcc/avr/4.3.3/../../../../avr/lib/avr5\libc.a(sprintf.o)
__fixunssfsi                                      e:/lang/winavr/bin/../lib/gcc/avr/4.3.3/../../../../avr/lib/avr5\libm.a(fixunssfsi.o)
                                                  obj/te.o
__floatsisf                                       e:/lang/winavr/bin/../lib/gcc/avr/4.3.3/../../../../avr/lib/avr5\libm.a(floatsisf.o)
__floatunsisf                                     e:/lang/winavr/bin/../lib/gcc/avr/4.3.3/../../../../avr/lib/avr5\libm.a(floatsisf.o)
                                                  obj/te.o
__fp_mintl                                        e:/lang/winavr/bin/../lib/gcc/avr/4.3.3/../../../../avr/lib/avr5\libm.a(fp_mintl.o)
                                                  e:/lang/winavr/bin/../lib/gcc/avr/4.3.3/../../../../avr/lib/avr5\libm.a(floor.o)
                                                  e:/lang/winavr/bin/../lib/gcc/avr/4.3.3/../../../../avr/lib/avr5\libm.a(ceil.o)
__fp_mpack                                        e:/lang/winavr/bin/../lib/gcc/avr/4.3.3/../../../../avr/lib/avr5\libm.a(fp_mpack.o)
                                                  e:/lang/winavr/bin/../lib/gcc/avr/4.3.3/../../../../avr/lib/avr5\libm.a(floor.o)
                                                  e:/lang/winavr/bin/../lib/gcc/avr/4.3.3/../../../../avr/lib/avr5\libm.a(ceil.o)
__fp_mpack_finite                                 e:/lang/winavr/bin/../lib/gcc/avr/4.3.3/../../../../avr/lib/avr5\libm.a(fp_mpack.o)
__fp_split3                                       e:/lang/winavr/bin/../lib/gcc/avr/4.3.3/../../../../avr/lib/avr5\libm.a(fp_split3.o)
__fp_splitA                                       e:/lang/winavr/bin/../lib/gcc/avr/4.3.3/../../../../avr/lib/avr5\libm.a(fp_split3.o)
                                                  e:/lang/winavr/bin/../lib/gcc/avr/4.3.3/../../../../avr/lib/avr5\libm.a(fp_trunc.o)
                                                  e:/lang/winavr/bin/../lib/gcc/avr/4.3.3/../../../../avr/lib/avr5\libm.a(fixunssfsi.o)
__fp_szero                                        e:/lang/winavr/bin/../lib/gcc/avr/4.3.3/../../../../avr/lib/avr5\libm.a(fp_zero.o)
                                                  e:/lang/winavr/bin/../lib/gcc/avr/4.3.3/../../../../avr/lib/avr5\libm.a(floor.o)
                                                  e:/lang/winavr/bin/../lib/gcc/avr/4.3.3/../../../../avr/lib/avr5\libm.a(ceil.o)
__fp_trunc                                        e:/lang/winavr/bin/../lib/gcc/avr/4.3.3/../../../../avr/lib/avr5\libm.a(fp_trunc.o)
                                                  e:/lang/winavr/bin/../lib/gcc/avr/4.3.3/../../../../avr/lib/avr5\libm.a(floor.o)
                                                  e:/lang/winavr/bin/../lib/gcc/avr/4.3.3/../../../../avr/lib/avr5\libm.a(ceil.o)
__fp_zero                                         e:/lang/winavr/bin/../lib/gcc/avr/4.3.3/../../../../avr/lib/avr5\libm.a(fp_zero.o)
                                                  e:/lang/winavr/bin/../lib/gcc/avr/4.3.3/../../../../avr/lib/avr5\libm.a(fixunssfsi.o)
__heap_end                                        e:/lang/winavr/bin/../lib/gcc/avr/4.3.3/../../../../avr/lib/avr5/crtm16.o
__init                                            e:/lang/winavr/bin/../lib/gcc/avr/4.3.3/../../../../avr/lib/avr5/crtm16.o
__mulsi3                                          e:/lang/winavr/bin/../lib/gcc/avr/4.3.3/avr5\libgcc.a(_mulsi3.o)
                                                  obj/te.o
__prologue_saves__                                e:/lang/winavr/bin/../lib/gcc/avr/4.3.3/avr5\libgcc.a(_prologue.o)
                                                  e:/lang/winavr/bin/../lib/gcc/avr/4.3.3/../../../../avr/lib/avr5\libc.a(vfprintf_std.o)
                                                  e:/lang/winavr/bin/../lib/gcc/avr/4.3.3/../../../../avr/lib/avr5\libc.a(sprintf.o)
__stack                                           e:/lang/winavr/bin/../lib/gcc/avr/4.3.3/../../../../avr/lib/avr5/crtm16.o
__udivmodsi4                                      e:/lang/winavr/bin/../lib/gcc/avr/4.3.3/avr5\libgcc.a(_udivmodsi4.o)
                                                  obj/te.o
__ultoa_invert                                    e:/lang/winavr/bin/../lib/gcc/avr/4.3.3/../../../../avr/lib/avr5\libc.a(ultoa_invert.o)
                                                  e:/lang/winavr/bin/../lib/gcc/avr/4.3.3/../../../../avr/lib/avr5\libc.a(vfprintf_std.o)
__vector_1                                        e:/lang/winavr/bin/../lib/gcc/avr/4.3.3/../../../../avr/lib/avr5/crtm16.o
__vector_10                                       e:/lang/winavr/bin/../lib/gcc/avr/4.3.3/../../../../avr/lib/avr5/crtm16.o
__vector_11                                       e:/lang/winavr/bin/../lib/gcc/avr/4.3.3/../../../../avr/lib/avr5/crtm16.o
__vector_12                                       e:/lang/winavr/bin/../lib/gcc/avr/4.3.3/../../../../avr/lib/avr5/crtm16.o
__vector_13                                       e:/lang/winavr/bin/../lib/gcc/avr/4.3.3/../../../../avr/lib/avr5/crtm16.o
__vector_14                                       e:/lang/winavr/bin/../lib/gcc/avr/4.3.3/../../../../avr/lib/avr5/crtm16.o
__vector_15                                       e:/lang/winavr/bin/../lib/gcc/avr/4.3.3/../../../../avr/lib/avr5/crtm16.o
__vector_16                                       e:/lang/winavr/bin/../lib/gcc/avr/4.3.3/../../../../avr/lib/avr5/crtm16.o
__vector_17                                       e:/lang/winavr/bin/../lib/gcc/avr/4.3.3/../../../../avr/lib/avr5/crtm16.o
__vector_18                                       e:/lang/winavr/bin/../lib/gcc/avr/4.3.3/../../../../avr/lib/avr5/crtm16.o
__vector_19                                       e:/lang/winavr/bin/../lib/gcc/avr/4.3.3/../../../../avr/lib/avr5/crtm16.o
__vector_2                                        e:/lang/winavr/bin/../lib/gcc/avr/4.3.3/../../../../avr/lib/avr5/crtm16.o
__vector_20                                       e:/lang/winavr/bin/../lib/gcc/avr/4.3.3/../../../../avr/lib/avr5/crtm16.o
__vector_3                                        e:/lang/winavr/bin/../lib/gcc/avr/4.3.3/../../../../avr/lib/avr5/crtm16.o
__vector_4                                        e:/lang/winavr/bin/../lib/gcc/avr/4.3.3/../../../../avr/lib/avr5/crtm16.o
__vector_5                                        e:/lang/winavr/bin/../lib/gcc/avr/4.3.3/../../../../avr/lib/avr5/crtm16.o
__vector_6                                        e:/lang/winavr/bin/../lib/gcc/avr/4.3.3/../../../../avr/lib/avr5/crtm16.o
__vector_7                                        e:/lang/winavr/bin/../lib/gcc/avr/4.3.3/../../../../avr/lib/avr5/crtm16.o
__vector_8                                        e:/lang/winavr/bin/../lib/gcc/avr/4.3.3/../../../../avr/lib/avr5/crtm16.o
__vector_9                                        obj/te.o
                                                  e:/lang/winavr/bin/../lib/gcc/avr/4.3.3/../../../../avr/lib/avr5/crtm16.o
__vector_default                                  e:/lang/winavr/bin/../lib/gcc/avr/4.3.3/../../../../avr/lib/avr5/crtm16.o
__vectors                                         e:/lang/winavr/bin/../lib/gcc/avr/4.3.3/../../../../avr/lib/avr5/crtm16.o
_exit                                             e:/lang/winavr/bin/../lib/gcc/avr/4.3.3/avr5\libgcc.a(_exit.o)
ceil                                              e:/lang/winavr/bin/../lib/gcc/avr/4.3.3/../../../../avr/lib/avr5\libm.a(ceil.o)
                                                  obj/te.o
exit                                              e:/lang/winavr/bin/../lib/gcc/avr/4.3.3/avr5\libgcc.a(_exit.o)
                                                  e:/lang/winavr/bin/../lib/gcc/avr/4.3.3/../../../../avr/lib/avr5/crtm16.o
floor                                             e:/lang/winavr/bin/../lib/gcc/avr/4.3.3/../../../../avr/lib/avr5\libm.a(floor.o)
                                                  obj/te.o
fputc                                             e:/lang/winavr/bin/../lib/gcc/avr/4.3.3/../../../../avr/lib/avr5\libc.a(fputc.o)
                                                  e:/lang/winavr/bin/../lib/gcc/avr/4.3.3/../../../../avr/lib/avr5\libc.a(vfprintf_std.o)
main                                              obj/te.o
                                                  e:/lang/winavr/bin/../lib/gcc/avr/4.3.3/../../../../avr/lib/avr5/crtm16.o
sFATRecordPointer                                 obj/te.o
sprintf                                           e:/lang/winavr/bin/../lib/gcc/avr/4.3.3/../../../../avr/lib/avr5\libc.a(sprintf.o)
                                                  obj/te.o
strcpy                                            e:/lang/winavr/bin/../lib/gcc/avr/4.3.3/../../../../avr/lib/avr5\libc.a(strcpy.o)
                                                  obj/te.o
string                                            obj/te.o
strnlen                                           e:/lang/winavr/bin/../lib/gcc/avr/4.3.3/../../../../avr/lib/avr5\libc.a(strnlen.o)
                                                  e:/lang/winavr/bin/../lib/gcc/avr/4.3.3/../../../../avr/lib/avr5\libc.a(vfprintf_std.o)
strnlen_P                                         e:/lang/winavr/bin/../lib/gcc/avr/4.3.3/../../../../avr/lib/avr5\libc.a(strnlen_P.o)
                                                  e:/lang/winavr/bin/../lib/gcc/avr/4.3.3/../../../../avr/lib/avr5\libc.a(vfprintf_std.o)
vfprintf                                          e:/lang/winavr/bin/../lib/gcc/avr/4.3.3/../../../../avr/lib/avr5\libc.a(vfprintf_std.o)
                                                  e:/lang/winavr/bin/../lib/gcc/avr/4.3.3/../../../../avr/lib/avr5\libc.a(sprintf.o)
